Archive member included to satisfy reference by file (symbol)

c:/st/stm32cubeide_1.9.0/stm32cubeide/plugins/com.st.stm32cube.ide.mcu.externaltools.gnu-tools-for-stm32.10.3-2021.10.win32_1.0.0.202111181127/tools/bin/../lib/gcc/arm-none-eabi/10.3.1/../../../../arm-none-eabi/lib/thumb/v7e-m+fp/hard\libc_nano.a(lib_a-errno.o)
                              ./Core/Src/syscalls.o (__errno)
c:/st/stm32cubeide_1.9.0/stm32cubeide/plugins/com.st.stm32cube.ide.mcu.externaltools.gnu-tools-for-stm32.10.3-2021.10.win32_1.0.0.202111181127/tools/bin/../lib/gcc/arm-none-eabi/10.3.1/../../../../arm-none-eabi/lib/thumb/v7e-m+fp/hard\libc_nano.a(lib_a-exit.o)
                              c:/st/stm32cubeide_1.9.0/stm32cubeide/plugins/com.st.stm32cube.ide.mcu.externaltools.gnu-tools-for-stm32.10.3-2021.10.win32_1.0.0.202111181127/tools/bin/../lib/gcc/arm-none-eabi/10.3.1/../../../../arm-none-eabi/lib/thumb/v7e-m+fp/hard/crt0.o (exit)
c:/st/stm32cubeide_1.9.0/stm32cubeide/plugins/com.st.stm32cube.ide.mcu.externaltools.gnu-tools-for-stm32.10.3-2021.10.win32_1.0.0.202111181127/tools/bin/../lib/gcc/arm-none-eabi/10.3.1/../../../../arm-none-eabi/lib/thumb/v7e-m+fp/hard\libc_nano.a(lib_a-impure.o)
                              c:/st/stm32cubeide_1.9.0/stm32cubeide/plugins/com.st.stm32cube.ide.mcu.externaltools.gnu-tools-for-stm32.10.3-2021.10.win32_1.0.0.202111181127/tools/bin/../lib/gcc/arm-none-eabi/10.3.1/../../../../arm-none-eabi/lib/thumb/v7e-m+fp/hard\libc_nano.a(lib_a-exit.o) (_global_impure_ptr)
c:/st/stm32cubeide_1.9.0/stm32cubeide/plugins/com.st.stm32cube.ide.mcu.externaltools.gnu-tools-for-stm32.10.3-2021.10.win32_1.0.0.202111181127/tools/bin/../lib/gcc/arm-none-eabi/10.3.1/../../../../arm-none-eabi/lib/thumb/v7e-m+fp/hard\libc_nano.a(lib_a-init.o)
                              c:/st/stm32cubeide_1.9.0/stm32cubeide/plugins/com.st.stm32cube.ide.mcu.externaltools.gnu-tools-for-stm32.10.3-2021.10.win32_1.0.0.202111181127/tools/bin/../lib/gcc/arm-none-eabi/10.3.1/../../../../arm-none-eabi/lib/thumb/v7e-m+fp/hard/crt0.o (__libc_init_array)
c:/st/stm32cubeide_1.9.0/stm32cubeide/plugins/com.st.stm32cube.ide.mcu.externaltools.gnu-tools-for-stm32.10.3-2021.10.win32_1.0.0.202111181127/tools/bin/../lib/gcc/arm-none-eabi/10.3.1/../../../../arm-none-eabi/lib/thumb/v7e-m+fp/hard\libc_nano.a(lib_a-memset.o)
                              c:/st/stm32cubeide_1.9.0/stm32cubeide/plugins/com.st.stm32cube.ide.mcu.externaltools.gnu-tools-for-stm32.10.3-2021.10.win32_1.0.0.202111181127/tools/bin/../lib/gcc/arm-none-eabi/10.3.1/../../../../arm-none-eabi/lib/thumb/v7e-m+fp/hard/crt0.o (memset)
c:/st/stm32cubeide_1.9.0/stm32cubeide/plugins/com.st.stm32cube.ide.mcu.externaltools.gnu-tools-for-stm32.10.3-2021.10.win32_1.0.0.202111181127/tools/bin/../lib/gcc/arm-none-eabi/10.3.1/thumb/v7e-m+fp/hard\libgcc.a(_aeabi_uldivmod.o)
                              ./Drivers/STM32F4xx_HAL_Driver/Src/stm32f4xx_hal_rcc.o (__aeabi_uldivmod)
c:/st/stm32cubeide_1.9.0/stm32cubeide/plugins/com.st.stm32cube.ide.mcu.externaltools.gnu-tools-for-stm32.10.3-2021.10.win32_1.0.0.202111181127/tools/bin/../lib/gcc/arm-none-eabi/10.3.1/thumb/v7e-m+fp/hard\libgcc.a(_udivmoddi4.o)
                              c:/st/stm32cubeide_1.9.0/stm32cubeide/plugins/com.st.stm32cube.ide.mcu.externaltools.gnu-tools-for-stm32.10.3-2021.10.win32_1.0.0.202111181127/tools/bin/../lib/gcc/arm-none-eabi/10.3.1/thumb/v7e-m+fp/hard\libgcc.a(_aeabi_uldivmod.o) (__udivmoddi4)
c:/st/stm32cubeide_1.9.0/stm32cubeide/plugins/com.st.stm32cube.ide.mcu.externaltools.gnu-tools-for-stm32.10.3-2021.10.win32_1.0.0.202111181127/tools/bin/../lib/gcc/arm-none-eabi/10.3.1/thumb/v7e-m+fp/hard\libgcc.a(_dvmd_tls.o)
                              c:/st/stm32cubeide_1.9.0/stm32cubeide/plugins/com.st.stm32cube.ide.mcu.externaltools.gnu-tools-for-stm32.10.3-2021.10.win32_1.0.0.202111181127/tools/bin/../lib/gcc/arm-none-eabi/10.3.1/thumb/v7e-m+fp/hard\libgcc.a(_aeabi_uldivmod.o) (__aeabi_ldiv0)

Discarded input sections

 .text          0x0000000000000000        0x0 c:/st/stm32cubeide_1.9.0/stm32cubeide/plugins/com.st.stm32cube.ide.mcu.externaltools.gnu-tools-for-stm32.10.3-2021.10.win32_1.0.0.202111181127/tools/bin/../lib/gcc/arm-none-eabi/10.3.1/thumb/v7e-m+fp/hard/crti.o
 .data          0x0000000000000000        0x0 c:/st/stm32cubeide_1.9.0/stm32cubeide/plugins/com.st.stm32cube.ide.mcu.externaltools.gnu-tools-for-stm32.10.3-2021.10.win32_1.0.0.202111181127/tools/bin/../lib/gcc/arm-none-eabi/10.3.1/thumb/v7e-m+fp/hard/crti.o
 .bss           0x0000000000000000        0x0 c:/st/stm32cubeide_1.9.0/stm32cubeide/plugins/com.st.stm32cube.ide.mcu.externaltools.gnu-tools-for-stm32.10.3-2021.10.win32_1.0.0.202111181127/tools/bin/../lib/gcc/arm-none-eabi/10.3.1/thumb/v7e-m+fp/hard/crti.o
[...]
Memory Configuration

Name             Origin             Length             Attributes
CCMRAM           0x0000000010000000 0x0000000000010000 xrw
RAM              0x0000000020000000 0x0000000000020000 xrw
FLASH            0x0000000008000000 0x0000000000100000 xr
*default*        0x0000000000000000 0xffffffffffffffff

Linker script and memory map

LOAD c:/st/stm32cubeide_1.9.0/stm32cubeide/plugins/com.st.stm32cube.ide.mcu.externaltools.gnu-tools-for-stm32.10.3-2021.10.win32_1.0.0.202111181127/tools/bin/../lib/gcc/arm-none-eabi/10.3.1/thumb/v7e-m+fp/hard/crti.o
LOAD c:/st/stm32cubeide_1.9.0/stm32cubeide/plugins/com.st.stm32cube.ide.mcu.externaltools.gnu-tools-for-stm32.10.3-2021.10.win32_1.0.0.202111181127/tools/bin/../lib/gcc/arm-none-eabi/10.3.1/thumb/v7e-m+fp/hard/crtbegin.o
LOAD c:/st/stm32cubeide_1.9.0/stm32cubeide/plugins/com.st.stm32cube.ide.mcu.externaltools.gnu-tools-for-stm32.10.3-2021.10.win32_1.0.0.202111181127/tools/bin/../lib/gcc/arm-none-eabi/10.3.1/../../../../arm-none-eabi/lib/thumb/v7e-m+fp/hard/crt0.o
LOAD ./Core/Src/main.o
LOAD ./Core/Src/stm32f4xx_hal_msp.o
LOAD ./Core/Src/stm32f4xx_it.o
LOAD ./Core/Src/syscalls.o
LOAD ./Core/Src/sysmem.o
LOAD ./Core/Src/system_stm32f4xx.o
LOAD ./Core/Startup/startup_stm32f405rgtx.o
LOAD ./Drivers/STM32F4xx_HAL_Driver/Src/stm32f4xx_hal.o
LOAD ./Drivers/STM32F4xx_HAL_Driver/Src/stm32f4xx_hal_adc.o
LOAD ./Drivers/STM32F4xx_HAL_Driver/Src/stm32f4xx_hal_adc_ex.o
LOAD ./Drivers/STM32F4xx_HAL_Driver/Src/stm32f4xx_hal_cortex.o
LOAD ./Drivers/STM32F4xx_HAL_Driver/Src/stm32f4xx_hal_dma.o
LOAD ./Drivers/STM32F4xx_HAL_Driver/Src/stm32f4xx_hal_dma_ex.o
LOAD ./Drivers/STM32F4xx_HAL_Driver/Src/stm32f4xx_hal_exti.o
LOAD ./Drivers/STM32F4xx_HAL_Driver/Src/stm32f4xx_hal_flash.o
LOAD ./Drivers/STM32F4xx_HAL_Driver/Src/stm32f4xx_hal_flash_ex.o
LOAD ./Drivers/STM32F4xx_HAL_Driver/Src/stm32f4xx_hal_flash_ramfunc.o
LOAD ./Drivers/STM32F4xx_HAL_Driver/Src/stm32f4xx_hal_gpio.o
LOAD ./Drivers/STM32F4xx_HAL_Driver/Src/stm32f4xx_hal_pwr.o
LOAD ./Drivers/STM32F4xx_HAL_Driver/Src/stm32f4xx_hal_pwr_ex.o
LOAD ./Drivers/STM32F4xx_HAL_Driver/Src/stm32f4xx_hal_rcc.o
LOAD ./Drivers/STM32F4xx_HAL_Driver/Src/stm32f4xx_hal_rcc_ex.o
LOAD ./Drivers/STM32F4xx_HAL_Driver/Src/stm32f4xx_hal_tim.o
LOAD ./Drivers/STM32F4xx_HAL_Driver/Src/stm32f4xx_hal_tim_ex.o
LOAD ./Drivers/STM32F4xx_HAL_Driver/Src/stm32f4xx_ll_adc.o
START GROUP
LOAD c:/st/stm32cubeide_1.9.0/stm32cubeide/plugins/com.st.stm32cube.ide.mcu.externaltools.gnu-tools-for-stm32.10.3-2021.10.win32_1.0.0.202111181127/tools/bin/../lib/gcc/arm-none-eabi/10.3.1/../../../../arm-none-eabi/lib/thumb/v7e-m+fp/hard\libc_nano.a
LOAD c:/st/stm32cubeide_1.9.0/stm32cubeide/plugins/com.st.stm32cube.ide.mcu.externaltools.gnu-tools-for-stm32.10.3-2021.10.win32_1.0.0.202111181127/tools/bin/../lib/gcc/arm-none-eabi/10.3.1/../../../../arm-none-eabi/lib/thumb/v7e-m+fp/hard\libm.a
END GROUP
START GROUP
LOAD c:/st/stm32cubeide_1.9.0/stm32cubeide/plugins/com.st.stm32cube.ide.mcu.externaltools.gnu-tools-for-stm32.10.3-2021.10.win32_1.0.0.202111181127/tools/bin/../lib/gcc/arm-none-eabi/10.3.1/thumb/v7e-m+fp/hard\libgcc.a
LOAD c:/st/stm32cubeide_1.9.0/stm32cubeide/plugins/com.st.stm32cube.ide.mcu.externaltools.gnu-tools-for-stm32.10.3-2021.10.win32_1.0.0.202111181127/tools/bin/../lib/gcc/arm-none-eabi/10.3.1/../../../../arm-none-eabi/lib/thumb/v7e-m+fp/hard\libc_nano.a
END GROUP
START GROUP
LOAD c:/st/stm32cubeide_1.9.0/stm32cubeide/plugins/com.st.stm32cube.ide.mcu.externaltools.gnu-tools-for-stm32.10.3-2021.10.win32_1.0.0.202111181127/tools/bin/../lib/gcc/arm-none-eabi/10.3.1/thumb/v7e-m+fp/hard\libgcc.a
LOAD c:/st/stm32cubeide_1.9.0/stm32cubeide/plugins/com.st.stm32cube.ide.mcu.externaltools.gnu-tools-for-stm32.10.3-2021.10.win32_1.0.0.202111181127/tools/bin/../lib/gcc/arm-none-eabi/10.3.1/../../../../arm-none-eabi/lib/thumb/v7e-m+fp/hard\libc_nano.a
LOAD c:/st/stm32cubeide_1.9.0/stm32cubeide/plugins/com.st.stm32cube.ide.mcu.externaltools.gnu-tools-for-stm32.10.3-2021.10.win32_1.0.0.202111181127/tools/bin/../lib/gcc/arm-none-eabi/10.3.1/../../../../arm-none-eabi/lib/thumb/v7e-m+fp/hard\libnosys.a
END GROUP
START GROUP
LOAD c:/st/stm32cubeide_1.9.0/stm32cubeide/plugins/com.st.stm32cube.ide.mcu.externaltools.gnu-tools-for-stm32.10.3-2021.10.win32_1.0.0.202111181127/tools/bin/../lib/gcc/arm-none-eabi/10.3.1/thumb/v7e-m+fp/hard\libgcc.a
LOAD c:/st/stm32cubeide_1.9.0/stm32cubeide/plugins/com.st.stm32cube.ide.mcu.externaltools.gnu-tools-for-stm32.10.3-2021.10.win32_1.0.0.202111181127/tools/bin/../lib/gcc/arm-none-eabi/10.3.1/../../../../arm-none-eabi/lib/thumb/v7e-m+fp/hard\libc_nano.a
LOAD c:/st/stm32cubeide_1.9.0/stm32cubeide/plugins/com.st.stm32cube.ide.mcu.externaltools.gnu-tools-for-stm32.10.3-2021.10.win32_1.0.0.202111181127/tools/bin/../lib/gcc/arm-none-eabi/10.3.1/../../../../arm-none-eabi/lib/thumb/v7e-m+fp/hard\libnosys.a
END GROUP
LOAD c:/st/stm32cubeide_1.9.0/stm32cubeide/plugins/com.st.stm32cube.ide.mcu.externaltools.gnu-tools-for-stm32.10.3-2021.10.win32_1.0.0.202111181127/tools/bin/../lib/gcc/arm-none-eabi/10.3.1/thumb/v7e-m+fp/hard/crtend.o
LOAD c:/st/stm32cubeide_1.9.0/stm32cubeide/plugins/com.st.stm32cube.ide.mcu.externaltools.gnu-tools-for-stm32.10.3-2021.10.win32_1.0.0.202111181127/tools/bin/../lib/gcc/arm-none-eabi/10.3.1/thumb/v7e-m+fp/hard/crtn.o
                0x0000000020020000                _estack = (ORIGIN (RAM) + LENGTH (RAM))
                0x0000000000000200                _Min_Heap_Size = 0x200
                0x0000000000000400                _Min_Stack_Size = 0x400

.isr_vector     0x0000000008000000      0x188
                0x0000000008000000                . = ALIGN (0x4)
 *(.isr_vector)
 .isr_vector    0x0000000008000000      0x188 ./Core/Startup/startup_stm32f405rgtx.o
                0x0000000008000000                g_pfnVectors
                0x0000000008000188                . = ALIGN (0x4)

.text           0x0000000008000188     0x23c4
                0x0000000008000188                . = ALIGN (0x4)
 *(.text)
 .text          0x0000000008000188       0x40 c:/st/stm32cubeide_1.9.0/stm32cubeide/plugins/com.st.stm32cube.ide.mcu.externaltools.gnu-tools-for-stm32.10.3-2021.10.win32_1.0.0.202111181127/tools/bin/../lib/gcc/arm-none-eabi/10.3.1/thumb/v7e-m+fp/hard/crtbegin.o
 .text          0x00000000080001c8       0x30 c:/st/stm32cubeide_1.9.0/stm32cubeide/plugins/com.st.stm32cube.ide.mcu.externaltools.gnu-tools-for-stm32.10.3-2021.10.win32_1.0.0.202111181127/tools/bin/../lib/gcc/arm-none-eabi/10.3.1/thumb/v7e-m+fp/hard\libgcc.a(_aeabi_uldivmod.o)
                0x00000000080001c8                __aeabi_uldivmod
 .text          0x00000000080001f8      0x2d0 c:/st/stm32cubeide_1.9.0/stm32cubeide/plugins/com.st.stm32cube.ide.mcu.externaltools.gnu-tools-for-stm32.10.3-2021.10.win32_1.0.0.202111181127/tools/bin/../lib/gcc/arm-none-eabi/10.3.1/thumb/v7e-m+fp/hard\libgcc.a(_udivmoddi4.o)
                0x00000000080001f8                __udivmoddi4
 .text          0x00000000080004c8        0x4 c:/st/stm32cubeide_1.9.0/stm32cubeide/plugins/com.st.stm32cube.ide.mcu.externaltools.gnu-tools-for-stm32.10.3-2021.10.win32_1.0.0.202111181127/tools/bin/../lib/gcc/arm-none-eabi/10.3.1/thumb/v7e-m+fp/hard\libgcc.a(_dvmd_tls.o)
                0x00000000080004c8                __aeabi_idiv0
                0x00000000080004c8                __aeabi_ldiv0
 *(.text*)
 .text.cmd      0x00000000080004cc       0xe0 ./Core/Src/main.o
                0x00000000080004cc                cmd
 .text.LCDStringdata
                0x00000000080005ac       0x30 ./Core/Src/main.o
                0x00000000080005ac                LCDStringdata
 .text.LCDInitialize
                0x00000000080005dc       0x32 ./Core/Src/main.o
                0x00000000080005dc                LCDInitialize
 *fill*         0x000000000800060e        0x2 
 .text.data     0x0000000008000610       0xe0 ./Core/Src/main.o
                0x0000000008000610                data
 .text.DisplauNumeric
                0x00000000080006f0       0xc0 ./Core/Src/main.o
                0x00000000080006f0                DisplauNumeric
 .text.main     0x00000000080007b0      0x1f4 ./Core/Src/main.o
                0x00000000080007b0                main
 .text.SystemClock_Config
                0x00000000080009a4       0xbc ./Core/Src/main.o
                0x00000000080009a4                SystemClock_Config
 .text.MX_ADC1_Init
                0x0000000008000a60       0xa4 ./Core/Src/main.o
 .text.MX_GPIO_Init
                0x0000000008000b04      0x14c ./Core/Src/main.o
 .text.Error_Handler
                0x0000000008000c50        0xa ./Core/Src/main.o
                0x0000000008000c50                Error_Handler
 *fill*         0x0000000008000c5a        0x2 
 .text.HAL_MspInit
                0x0000000008000c5c       0x50 ./Core/Src/stm32f4xx_hal_msp.o
                0x0000000008000c5c                HAL_MspInit
 .text.HAL_ADC_MspInit
                0x0000000008000cac       0x88 ./Core/Src/stm32f4xx_hal_msp.o
                0x0000000008000cac                HAL_ADC_MspInit
 .text.NMI_Handler
                0x0000000008000d34        0x6 ./Core/Src/stm32f4xx_it.o
                0x0000000008000d34                NMI_Handler
 .text.HardFault_Handler
                0x0000000008000d3a        0x6 ./Core/Src/stm32f4xx_it.o
                0x0000000008000d3a                HardFault_Handler
 .text.MemManage_Handler
                0x0000000008000d40        0x6 ./Core/Src/stm32f4xx_it.o
                0x0000000008000d40                MemManage_Handler
 .text.BusFault_Handler
                0x0000000008000d46        0x6 ./Core/Src/stm32f4xx_it.o
                0x0000000008000d46                BusFault_Handler
 .text.UsageFault_Handler
                0x0000000008000d4c        0x6 ./Core/Src/stm32f4xx_it.o
                0x0000000008000d4c                UsageFault_Handler
 .text.SVC_Handler
                0x0000000008000d52        0xe ./Core/Src/stm32f4xx_it.o
                0x0000000008000d52                SVC_Handler
 .text.DebugMon_Handler
                0x0000000008000d60        0xe ./Core/Src/stm32f4xx_it.o
                0x0000000008000d60                DebugMon_Handler
 .text.PendSV_Handler
                0x0000000008000d6e        0xe ./Core/Src/stm32f4xx_it.o
                0x0000000008000d6e                PendSV_Handler
 .text.SysTick_Handler
                0x0000000008000d7c        0xc ./Core/Src/stm32f4xx_it.o
                0x0000000008000d7c                SysTick_Handler
 .text.SystemInit
                0x0000000008000d88       0x24 ./Core/Src/system_stm32f4xx.o
                0x0000000008000d88                SystemInit
 .text.Reset_Handler
                0x0000000008000dac       0x50 ./Core/Startup/startup_stm32f405rgtx.o
                0x0000000008000dac                Reset_Handler
 .text.Default_Handler
                0x0000000008000dfc        0x2 ./Core/Startup/startup_stm32f405rgtx.o
                0x0000000008000dfc                RTC_Alarm_IRQHandler
                0x0000000008000dfc                HASH_RNG_IRQHandler
                0x0000000008000dfc                EXTI2_IRQHandler
                0x0000000008000dfc                TIM8_CC_IRQHandler
                0x0000000008000dfc                TIM1_CC_IRQHandler
                0x0000000008000dfc                DMA2_Stream5_IRQHandler
                0x0000000008000dfc                DMA1_Stream5_IRQHandler
                0x0000000008000dfc                PVD_IRQHandler
                0x0000000008000dfc                SDIO_IRQHandler
                0x0000000008000dfc                TAMP_STAMP_IRQHandler
                0x0000000008000dfc                CAN2_RX1_IRQHandler
                0x0000000008000dfc                EXTI3_IRQHandler
                0x0000000008000dfc                TIM8_TRG_COM_TIM14_IRQHandler
                0x0000000008000dfc                TIM1_UP_TIM10_IRQHandler
                0x0000000008000dfc                TIM8_UP_TIM13_IRQHandler
                0x0000000008000dfc                I2C3_ER_IRQHandler
                0x0000000008000dfc                EXTI0_IRQHandler
                0x0000000008000dfc                I2C2_EV_IRQHandler
                0x0000000008000dfc                DMA1_Stream2_IRQHandler
                0x0000000008000dfc                CAN1_RX0_IRQHandler
                0x0000000008000dfc                FPU_IRQHandler
                0x0000000008000dfc                OTG_HS_WKUP_IRQHandler
                0x0000000008000dfc                CAN2_SCE_IRQHandler
                0x0000000008000dfc                DMA2_Stream2_IRQHandler
                0x0000000008000dfc                SPI1_IRQHandler
                0x0000000008000dfc                TIM6_DAC_IRQHandler
                0x0000000008000dfc                TIM1_BRK_TIM9_IRQHandler
                0x0000000008000dfc                CAN2_RX0_IRQHandler
                0x0000000008000dfc                DMA2_Stream3_IRQHandler
                0x0000000008000dfc                USART6_IRQHandler
                0x0000000008000dfc                USART3_IRQHandler
                0x0000000008000dfc                CAN1_RX1_IRQHandler
                0x0000000008000dfc                UART5_IRQHandler
                0x0000000008000dfc                DMA2_Stream0_IRQHandler
                0x0000000008000dfc                TIM4_IRQHandler
                0x0000000008000dfc                I2C1_EV_IRQHandler
                0x0000000008000dfc                DMA1_Stream6_IRQHandler
                0x0000000008000dfc                DMA1_Stream1_IRQHandler
                0x0000000008000dfc                UART4_IRQHandler
                0x0000000008000dfc                TIM3_IRQHandler
                0x0000000008000dfc                RCC_IRQHandler
                0x0000000008000dfc                TIM8_BRK_TIM12_IRQHandler
                0x0000000008000dfc                Default_Handler
                0x0000000008000dfc                EXTI15_10_IRQHandler
                0x0000000008000dfc                ADC_IRQHandler
                0x0000000008000dfc                DMA1_Stream7_IRQHandler
                0x0000000008000dfc                TIM7_IRQHandler
                0x0000000008000dfc                CAN2_TX_IRQHandler
                0x0000000008000dfc                TIM5_IRQHandler
                0x0000000008000dfc                DMA2_Stream7_IRQHandler
                0x0000000008000dfc                I2C3_EV_IRQHandler
                0x0000000008000dfc                EXTI9_5_IRQHandler
                0x0000000008000dfc                RTC_WKUP_IRQHandler
                0x0000000008000dfc                SPI2_IRQHandler
                0x0000000008000dfc                OTG_HS_EP1_IN_IRQHandler
                0x0000000008000dfc                DMA1_Stream0_IRQHandler
                0x0000000008000dfc                CAN1_TX_IRQHandler
                0x0000000008000dfc                EXTI4_IRQHandler
                0x0000000008000dfc                FSMC_IRQHandler
                0x0000000008000dfc                OTG_HS_EP1_OUT_IRQHandler
                0x0000000008000dfc                WWDG_IRQHandler
                0x0000000008000dfc                TIM2_IRQHandler
                0x0000000008000dfc                OTG_FS_WKUP_IRQHandler
                0x0000000008000dfc                TIM1_TRG_COM_TIM11_IRQHandler
                0x0000000008000dfc                OTG_HS_IRQHandler
                0x0000000008000dfc                EXTI1_IRQHandler
                0x0000000008000dfc                USART2_IRQHandler
                0x0000000008000dfc                I2C2_ER_IRQHandler
                0x0000000008000dfc                DMA2_Stream1_IRQHandler
                0x0000000008000dfc                CAN1_SCE_IRQHandler
                0x0000000008000dfc                FLASH_IRQHandler
                0x0000000008000dfc                DMA2_Stream4_IRQHandler
                0x0000000008000dfc                USART1_IRQHandler
                0x0000000008000dfc                OTG_FS_IRQHandler
                0x0000000008000dfc                SPI3_IRQHandler
                0x0000000008000dfc                DMA1_Stream4_IRQHandler
                0x0000000008000dfc                I2C1_ER_IRQHandler
                0x0000000008000dfc                DMA2_Stream6_IRQHandler
                0x0000000008000dfc                DMA1_Stream3_IRQHandler
 *fill*         0x0000000008000dfe        0x2 
 .text.HAL_Init
                0x0000000008000e00       0x44 ./Drivers/STM32F4xx_HAL_Driver/Src/stm32f4xx_hal.o
                0x0000000008000e00                HAL_Init
 .text.HAL_InitTick
                0x0000000008000e44       0x60 ./Drivers/STM32F4xx_HAL_Driver/Src/stm32f4xx_hal.o
                0x0000000008000e44                HAL_InitTick
 .text.HAL_IncTick
                0x0000000008000ea4       0x28 ./Drivers/STM32F4xx_HAL_Driver/Src/stm32f4xx_hal.o
                0x0000000008000ea4                HAL_IncTick
 .text.HAL_GetTick
                0x0000000008000ecc       0x18 ./Drivers/STM32F4xx_HAL_Driver/Src/stm32f4xx_hal.o
                0x0000000008000ecc                HAL_GetTick
 .text.HAL_Delay
                0x0000000008000ee4       0x48 ./Drivers/STM32F4xx_HAL_Driver/Src/stm32f4xx_hal.o
                0x0000000008000ee4                HAL_Delay
 .text.HAL_ADC_Init
                0x0000000008000f2c       0x86 ./Drivers/STM32F4xx_HAL_Driver/Src/stm32f4xx_hal_adc.o
                0x0000000008000f2c                HAL_ADC_Init
 *fill*         0x0000000008000fb2        0x2 
 .text.HAL_ADC_Start
                0x0000000008000fb4      0x1a4 ./Drivers/STM32F4xx_HAL_Driver/Src/stm32f4xx_hal_adc.o
                0x0000000008000fb4                HAL_ADC_Start
 .text.HAL_ADC_Stop
                0x0000000008001158       0x66 ./Drivers/STM32F4xx_HAL_Driver/Src/stm32f4xx_hal_adc.o
                0x0000000008001158                HAL_ADC_Stop
 .text.HAL_ADC_PollForConversion
                0x00000000080011be      0x116 ./Drivers/STM32F4xx_HAL_Driver/Src/stm32f4xx_hal_adc.o
                0x00000000080011be                HAL_ADC_PollForConversion
 .text.HAL_ADC_GetValue
                0x00000000080012d4       0x1a ./Drivers/STM32F4xx_HAL_Driver/Src/stm32f4xx_hal_adc.o
                0x00000000080012d4                HAL_ADC_GetValue
 *fill*         0x00000000080012ee        0x2 
 .text.HAL_ADC_ConfigChannel
                0x00000000080012f0      0x244 ./Drivers/STM32F4xx_HAL_Driver/Src/stm32f4xx_hal_adc.o
                0x00000000080012f0                HAL_ADC_ConfigChannel
 .text.ADC_Init
                0x0000000008001534      0x1f8 ./Drivers/STM32F4xx_HAL_Driver/Src/stm32f4xx_hal_adc.o
 .text.__NVIC_SetPriorityGrouping
                0x000000000800172c       0x48 ./Drivers/STM32F4xx_HAL_Driver/Src/stm32f4xx_hal_cortex.o
 .text.__NVIC_GetPriorityGrouping
                0x0000000008001774       0x1c ./Drivers/STM32F4xx_HAL_Driver/Src/stm32f4xx_hal_cortex.o
 .text.__NVIC_SetPriority
                0x0000000008001790       0x54 ./Drivers/STM32F4xx_HAL_Driver/Src/stm32f4xx_hal_cortex.o
 .text.NVIC_EncodePriority
                0x00000000080017e4       0x66 ./Drivers/STM32F4xx_HAL_Driver/Src/stm32f4xx_hal_cortex.o
 *fill*         0x000000000800184a        0x2 
 .text.SysTick_Config
                0x000000000800184c       0x44 ./Drivers/STM32F4xx_HAL_Driver/Src/stm32f4xx_hal_cortex.o
 .text.HAL_NVIC_SetPriorityGrouping
                0x0000000008001890       0x16 ./Drivers/STM32F4xx_HAL_Driver/Src/stm32f4xx_hal_cortex.o
                0x0000000008001890                HAL_NVIC_SetPriorityGrouping
 .text.HAL_NVIC_SetPriority
                0x00000000080018a6       0x38 ./Drivers/STM32F4xx_HAL_Driver/Src/stm32f4xx_hal_cortex.o
                0x00000000080018a6                HAL_NVIC_SetPriority
 .text.HAL_SYSTICK_Config
                0x00000000080018de       0x18 ./Drivers/STM32F4xx_HAL_Driver/Src/stm32f4xx_hal_cortex.o
                0x00000000080018de                HAL_SYSTICK_Config
 *fill*         0x00000000080018f6        0x2 
 .text.HAL_GPIO_Init
                0x00000000080018f8      0x338 ./Drivers/STM32F4xx_HAL_Driver/Src/stm32f4xx_hal_gpio.o
                0x00000000080018f8                HAL_GPIO_Init
 .text.HAL_GPIO_ReadPin
                0x0000000008001c30       0x30 ./Drivers/STM32F4xx_HAL_Driver/Src/stm32f4xx_hal_gpio.o
                0x0000000008001c30                HAL_GPIO_ReadPin
 .text.HAL_GPIO_WritePin
                0x0000000008001c60       0x32 ./Drivers/STM32F4xx_HAL_Driver/Src/stm32f4xx_hal_gpio.o
                0x0000000008001c60                HAL_GPIO_WritePin
 *fill*         0x0000000008001c92        0x2 
 .text.HAL_RCC_OscConfig
                0x0000000008001c94      0x4f0 ./Drivers/STM32F4xx_HAL_Driver/Src/stm32f4xx_hal_rcc.o
                0x0000000008001c94                HAL_RCC_OscConfig
 .text.HAL_RCC_ClockConfig
                0x0000000008002184      0x1cc ./Drivers/STM32F4xx_HAL_Driver/Src/stm32f4xx_hal_rcc.o
                0x0000000008002184                HAL_RCC_ClockConfig
 .text.HAL_RCC_GetSysClockFreq
                0x0000000008002350      0x18c ./Drivers/STM32F4xx_HAL_Driver/Src/stm32f4xx_hal_rcc.o
                0x0000000008002350                HAL_RCC_GetSysClockFreq
 .text.__libc_init_array
                0x00000000080024dc       0x48 c:/st/stm32cubeide_1.9.0/stm32cubeide/plugins/com.st.stm32cube.ide.mcu.externaltools.gnu-tools-for-stm32.10.3-2021.10.win32_1.0.0.202111181127/tools/bin/../lib/gcc/arm-none-eabi/10.3.1/../../../../arm-none-eabi/lib/thumb/v7e-m+fp/hard\libc_nano.a(lib_a-init.o)
                0x00000000080024dc                __libc_init_array
 .text.memset   0x0000000008002524       0x10 c:/st/stm32cubeide_1.9.0/stm32cubeide/plugins/com.st.stm32cube.ide.mcu.externaltools.gnu-tools-for-stm32.10.3-2021.10.win32_1.0.0.202111181127/tools/bin/../lib/gcc/arm-none-eabi/10.3.1/../../../../arm-none-eabi/lib/thumb/v7e-m+fp/hard\libc_nano.a(lib_a-memset.o)
                0x0000000008002524                memset
 *(.glue_7)
 .glue_7        0x0000000008002534        0x0 linker stubs
 *(.glue_7t)
 .glue_7t       0x0000000008002534        0x0 linker stubs
 *(.eh_frame)
 .eh_frame      0x0000000008002534        0x0 c:/st/stm32cubeide_1.9.0/stm32cubeide/plugins/com.st.stm32cube.ide.mcu.externaltools.gnu-tools-for-stm32.10.3-2021.10.win32_1.0.0.202111181127/tools/bin/../lib/gcc/arm-none-eabi/10.3.1/thumb/v7e-m+fp/hard/crtbegin.o
 *(.init)
 .init          0x0000000008002534        0x4 c:/st/stm32cubeide_1.9.0/stm32cubeide/plugins/com.st.stm32cube.ide.mcu.externaltools.gnu-tools-for-stm32.10.3-2021.10.win32_1.0.0.202111181127/tools/bin/../lib/gcc/arm-none-eabi/10.3.1/thumb/v7e-m+fp/hard/crti.o
                0x0000000008002534                _init
 .init          0x0000000008002538        0x8 c:/st/stm32cubeide_1.9.0/stm32cubeide/plugins/com.st.stm32cube.ide.mcu.externaltools.gnu-tools-for-stm32.10.3-2021.10.win32_1.0.0.202111181127/tools/bin/../lib/gcc/arm-none-eabi/10.3.1/thumb/v7e-m+fp/hard/crtn.o
 *(.fini)
 .fini          0x0000000008002540        0x4 c:/st/stm32cubeide_1.9.0/stm32cubeide/plugins/com.st.stm32cube.ide.mcu.externaltools.gnu-tools-for-stm32.10.3-2021.10.win32_1.0.0.202111181127/tools/bin/../lib/gcc/arm-none-eabi/10.3.1/thumb/v7e-m+fp/hard/crti.o
                0x0000000008002540                _fini
 .fini          0x0000000008002544        0x8 c:/st/stm32cubeide_1.9.0/stm32cubeide/plugins/com.st.stm32cube.ide.mcu.externaltools.gnu-tools-for-stm32.10.3-2021.10.win32_1.0.0.202111181127/tools/bin/../lib/gcc/arm-none-eabi/10.3.1/thumb/v7e-m+fp/hard/crtn.o
                0x000000000800254c                . = ALIGN (0x4)
                0x000000000800254c                _etext = .

.vfp11_veneer   0x000000000800254c        0x0
 .vfp11_veneer  0x000000000800254c        0x0 linker stubs

.v4_bx          0x000000000800254c        0x0
 .v4_bx         0x000000000800254c        0x0 linker stubs

.iplt           0x000000000800254c        0x0
 .iplt          0x000000000800254c        0x0 c:/st/stm32cubeide_1.9.0/stm32cubeide/plugins/com.st.stm32cube.ide.mcu.externaltools.gnu-tools-for-stm32.10.3-2021.10.win32_1.0.0.202111181127/tools/bin/../lib/gcc/arm-none-eabi/10.3.1/thumb/v7e-m+fp/hard/crtbegin.o

.rodata         0x000000000800254c       0x54
                0x000000000800254c                . = ALIGN (0x4)
 *(.rodata)
 .rodata        0x000000000800254c       0x41 ./Core/Src/main.o
 *(.rodata*)
 *fill*         0x000000000800258d        0x3 
 .rodata.AHBPrescTable
                0x0000000008002590       0x10 ./Core/Src/system_stm32f4xx.o
                0x0000000008002590                AHBPrescTable
                0x00000000080025a0                . = ALIGN (0x4)

.ARM.extab      0x00000000080025a0        0x0
                0x00000000080025a0                . = ALIGN (0x4)
 *(.ARM.extab* .gnu.linkonce.armextab.*)
                0x00000000080025a0                . = ALIGN (0x4)

.ARM            0x00000000080025a0        0x8
                0x00000000080025a0                . = ALIGN (0x4)
                0x00000000080025a0                __exidx_start = .
 *(.ARM.exidx*)
 .ARM.exidx     0x00000000080025a0        0x8 c:/st/stm32cubeide_1.9.0/stm32cubeide/plugins/com.st.stm32cube.ide.mcu.externaltools.gnu-tools-for-stm32.10.3-2021.10.win32_1.0.0.202111181127/tools/bin/../lib/gcc/arm-none-eabi/10.3.1/thumb/v7e-m+fp/hard\libgcc.a(_udivmoddi4.o)
                0x00000000080025a8                __exidx_end = .
                0x00000000080025a8                . = ALIGN (0x4)

.rel.dyn        0x00000000080025a8        0x0
 .rel.iplt      0x00000000080025a8        0x0 c:/st/stm32cubeide_1.9.0/stm32cubeide/plugins/com.st.stm32cube.ide.mcu.externaltools.gnu-tools-for-stm32.10.3-2021.10.win32_1.0.0.202111181127/tools/bin/../lib/gcc/arm-none-eabi/10.3.1/thumb/v7e-m+fp/hard/crtbegin.o

.preinit_array  0x00000000080025a8        0x0
                0x00000000080025a8                . = ALIGN (0x4)
                0x00000000080025a8                PROVIDE (__preinit_array_start = .)
 *(.preinit_array*)
                0x00000000080025a8                PROVIDE (__preinit_array_end = .)
                0x00000000080025a8                . = ALIGN (0x4)

.init_array     0x00000000080025a8        0x4
                0x00000000080025a8                . = ALIGN (0x4)
                0x00000000080025a8                PROVIDE (__init_array_start = .)
 *(SORT_BY_NAME(.init_array.*))
 *(.init_array*)
 .init_array    0x00000000080025a8        0x4 c:/st/stm32cubeide_1.9.0/stm32cubeide/plugins/com.st.stm32cube.ide.mcu.externaltools.gnu-tools-for-stm32.10.3-2021.10.win32_1.0.0.202111181127/tools/bin/../lib/gcc/arm-none-eabi/10.3.1/thumb/v7e-m+fp/hard/crtbegin.o
                0x00000000080025ac                PROVIDE (__init_array_end = .)
                0x00000000080025ac                . = ALIGN (0x4)

.fini_array     0x00000000080025ac        0x4
                0x00000000080025ac                . = ALIGN (0x4)
                [!provide]                        PROVIDE (__fini_array_start = .)
 *(SORT_BY_NAME(.fini_array.*))
 *(.fini_array*)
 .fini_array    0x00000000080025ac        0x4 c:/st/stm32cubeide_1.9.0/stm32cubeide/plugins/com.st.stm32cube.ide.mcu.externaltools.gnu-tools-for-stm32.10.3-2021.10.win32_1.0.0.202111181127/tools/bin/../lib/gcc/arm-none-eabi/10.3.1/thumb/v7e-m+fp/hard/crtbegin.o
                [!provide]                        PROVIDE (__fini_array_end = .)
                0x00000000080025b0                . = ALIGN (0x4)
                0x00000000080025b0                _sidata = LOADADDR (.data)

.data           0x0000000020000000       0x14 load address 0x00000000080025b0
                0x0000000020000000                . = ALIGN (0x4)
                0x0000000020000000                _sdata = .
 *(.data)
 *(.data*)
 .data.rt       0x0000000020000000        0x4 ./Core/Src/main.o
                0x0000000020000000                rt
 .data.state    0x0000000020000004        0x4 ./Core/Src/main.o
                0x0000000020000004                state
 .data.SystemCoreClock
                0x0000000020000008        0x4 ./Core/Src/system_stm32f4xx.o
                0x0000000020000008                SystemCoreClock
 .data.uwTickPrio
                0x000000002000000c        0x4 ./Drivers/STM32F4xx_HAL_Driver/Src/stm32f4xx_hal.o
                0x000000002000000c                uwTickPrio
 .data.uwTickFreq
                0x0000000020000010        0x1 ./Drivers/STM32F4xx_HAL_Driver/Src/stm32f4xx_hal.o
                0x0000000020000010                uwTickFreq
 *(.RamFunc)
 *(.RamFunc*)
                0x0000000020000014                . = ALIGN (0x4)
 *fill*         0x0000000020000011        0x3 
                0x0000000020000014                _edata = .
                0x00000000080025c4                _siccmram = LOADADDR (.ccmram)

.igot.plt       0x0000000020000014        0x0 load address 0x00000000080025c4
 .igot.plt      0x0000000020000014        0x0 c:/st/stm32cubeide_1.9.0/stm32cubeide/plugins/com.st.stm32cube.ide.mcu.externaltools.gnu-tools-for-stm32.10.3-2021.10.win32_1.0.0.202111181127/tools/bin/../lib/gcc/arm-none-eabi/10.3.1/thumb/v7e-m+fp/hard/crtbegin.o

.ccmram         0x0000000010000000        0x0 load address 0x00000000080025c4
                0x0000000010000000                . = ALIGN (0x4)
                0x0000000010000000                _sccmram = .
 *(.ccmram)
 *(.ccmram*)
                0x0000000010000000                . = ALIGN (0x4)
                0x0000000010000000                _eccmram = .
                0x0000000010000000                . = ALIGN (0x4)

.bss            0x0000000020000014       0x88
                0x0000000020000014                _sbss = .
                0x0000000020000014                __bss_start__ = _sbss
 *(.bss)
 .bss           0x0000000020000014       0x1c c:/st/stm32cubeide_1.9.0/stm32cubeide/plugins/com.st.stm32cube.ide.mcu.externaltools.gnu-tools-for-stm32.10.3-2021.10.win32_1.0.0.202111181127/tools/bin/../lib/gcc/arm-none-eabi/10.3.1/thumb/v7e-m+fp/hard/crtbegin.o
 *(.bss*)
 .bss.hadc1     0x0000000020000030       0x48 ./Core/Src/main.o
                0x0000000020000030                hadc1
 .bss.read1     0x0000000020000078        0x4 ./Core/Src/main.o
                0x0000000020000078                read1
 .bss.irstate   0x000000002000007c        0x4 ./Core/Src/main.o
                0x000000002000007c                irstate
 .bss.switchState
                0x0000000020000080        0x4 ./Core/Src/main.o
                0x0000000020000080                switchState
 .bss.lastswitchState
                0x0000000020000084        0x4 ./Core/Src/main.o
                0x0000000020000084                lastswitchState
 .bss.ledstate  0x0000000020000088        0x4 ./Core/Src/main.o
                0x0000000020000088                ledstate
 .bss.switchState1
                0x000000002000008c        0x4 ./Core/Src/main.o
                0x000000002000008c                switchState1
 .bss.lastswitchState1
                0x0000000020000090        0x4 ./Core/Src/main.o
                0x0000000020000090                lastswitchState1
 .bss.ledstate1
                0x0000000020000094        0x4 ./Core/Src/main.o
                0x0000000020000094                ledstate1
 .bss.uwTick    0x0000000020000098        0x4 ./Drivers/STM32F4xx_HAL_Driver/Src/stm32f4xx_hal.o
                0x0000000020000098                uwTick
 *(COMMON)
                0x000000002000009c                . = ALIGN (0x4)
                0x000000002000009c                _ebss = .
                0x000000002000009c                __bss_end__ = _ebss

._user_heap_stack
                0x000000002000009c      0x604
                0x00000000200000a0                . = ALIGN (0x8)
 *fill*         0x000000002000009c        0x4 
                [!provide]                        PROVIDE (end = .)
                0x00000000200000a0                PROVIDE (_end = .)
                0x00000000200002a0                . = (. + _Min_Heap_Size)
 *fill*         0x00000000200000a0      0x200 
                0x00000000200006a0                . = (. + _Min_Stack_Size)
 *fill*         0x00000000200002a0      0x400 
                0x00000000200006a0                . = ALIGN (0x8)

/DISCARD/
 libc.a(*)
 libm.a(*)
 libgcc.a(*)

.ARM.attributes
                0x0000000000000000       0x30
 *(.ARM.attributes)
 .ARM.attributes
                0x0000000000000000       0x1e c:/st/stm32cubeide_1.9.0/stm32cubeide/plugins/com.st.stm32cube.ide.mcu.externaltools.gnu-tools-for-stm32.10.3-2021.10.win32_1.0.0.202111181127/tools/bin/../lib/gcc/arm-none-eabi/10.3.1/thumb/v7e-m+fp/hard/crti.o
 .ARM.attributes
                0x000000000000001e       0x34 c:/st/stm32cubeide_1.9.0/stm32cubeide/plugins/com.st.stm32cube.ide.mcu.externaltools.gnu-tools-for-stm32.10.3-2021.10.win32_1.0.0.202111181127/tools/bin/../lib/gcc/arm-none-eabi/10.3.1/thumb/v7e-m+fp/hard/crtbegin.o
 .ARM.attributes
                0x0000000000000052       0x34 ./Core/Src/main.o
 .ARM.attributes
                0x0000000000000086       0x34 ./Core/Src/stm32f4xx_hal_msp.o
 .ARM.attributes
                0x00000000000000ba       0x34 ./Core/Src/stm32f4xx_it.o
 .ARM.attributes
                0x00000000000000ee       0x34 ./Core/Src/system_stm32f4xx.o
 .ARM.attributes
                0x0000000000000122       0x21 ./Core/Startup/startup_stm32f405rgtx.o
 .ARM.attributes
                0x0000000000000143       0x34 ./Drivers/STM32F4xx_HAL_Driver/Src/stm32f4xx_hal.o
 .ARM.attributes
                0x0000000000000177       0x34 ./Drivers/STM32F4xx_HAL_Driver/Src/stm32f4xx_hal_adc.o
 .ARM.attributes
                0x00000000000001ab       0x34 ./Drivers/STM32F4xx_HAL_Driver/Src/stm32f4xx_hal_cortex.o
 .ARM.attributes
                0x00000000000001df       0x34 ./Drivers/STM32F4xx_HAL_Driver/Src/stm32f4xx_hal_gpio.o
 .ARM.attributes
                0x0000000000000213       0x34 ./Drivers/STM32F4xx_HAL_Driver/Src/stm32f4xx_hal_rcc.o
 .ARM.attributes
                0x0000000000000247       0x34 c:/st/stm32cubeide_1.9.0/stm32cubeide/plugins/com.st.stm32cube.ide.mcu.externaltools.gnu-tools-for-stm32.10.3-2021.10.win32_1.0.0.202111181127/tools/bin/../lib/gcc/arm-none-eabi/10.3.1/../../../../arm-none-eabi/lib/thumb/v7e-m+fp/hard\libc_nano.a(lib_a-init.o)
 .ARM.attributes
                0x000000000000027b       0x34 c:/st/stm32cubeide_1.9.0/stm32cubeide/plugins/com.st.stm32cube.ide.mcu.externaltools.gnu-tools-for-stm32.10.3-2021.10.win32_1.0.0.202111181127/tools/bin/../lib/gcc/arm-none-eabi/10.3.1/../../../../arm-none-eabi/lib/thumb/v7e-m+fp/hard\libc_nano.a(lib_a-memset.o)
 .ARM.attributes
                0x00000000000002af       0x1e c:/st/stm32cubeide_1.9.0/stm32cubeide/plugins/com.st.stm32cube.ide.mcu.externaltools.gnu-tools-for-stm32.10.3-2021.10.win32_1.0.0.202111181127/tools/bin/../lib/gcc/arm-none-eabi/10.3.1/thumb/v7e-m+fp/hard\libgcc.a(_aeabi_uldivmod.o)
 .ARM.attributes
                0x00000000000002cd       0x34 c:/st/stm32cubeide_1.9.0/stm32cubeide/plugins/com.st.stm32cube.ide.mcu.externaltools.gnu-tools-for-stm32.10.3-2021.10.win32_1.0.0.202111181127/tools/bin/../lib/gcc/arm-none-eabi/10.3.1/thumb/v7e-m+fp/hard\libgcc.a(_udivmoddi4.o)
 .ARM.attributes
                0x0000000000000301       0x1e c:/st/stm32cubeide_1.9.0/stm32cubeide/plugins/com.st.stm32cube.ide.mcu.externaltools.gnu-tools-for-stm32.10.3-2021.10.win32_1.0.0.202111181127/tools/bin/../lib/gcc/arm-none-eabi/10.3.1/thumb/v7e-m+fp/hard\libgcc.a(_dvmd_tls.o)
 .ARM.attributes
                0x000000000000031f       0x1e c:/st/stm32cubeide_1.9.0/stm32cubeide/plugins/com.st.stm32cube.ide.mcu.externaltools.gnu-tools-for-stm32.10.3-2021.10.win32_1.0.0.202111181127/tools/bin/../lib/gcc/arm-none-eabi/10.3.1/thumb/v7e-m+fp/hard/crtn.o
OUTPUT(Main Project.elf elf32-littlearm)
LOAD linker stubs
LOAD c:/st/stm32cubeide_1.9.0/stm32cubeide/plugins/com.st.stm32cube.ide.mcu.externaltools.gnu-tools-for-stm32.10.3-2021.10.win32_1.0.0.202111181127/tools/bin/../lib/gcc/arm-none-eabi/10.3.1/../../../../arm-none-eabi/lib/thumb/v7e-m+fp/hard\libc.a
LOAD c:/st/stm32cubeide_1.9.0/stm32cubeide/plugins/com.st.stm32cube.ide.mcu.externaltools.gnu-tools-for-stm32.10.3-2021.10.win32_1.0.0.202111181127/tools/bin/../lib/gcc/arm-none-eabi/10.3.1/../../../../arm-none-eabi/lib/thumb/v7e-m+fp/hard\libm.a
LOAD c:/st/stm32cubeide_1.9.0/stm32cubeide/plugins/com.st.stm32cube.ide.mcu.externaltools.gnu-tools-for-stm32.10.3-2021.10.win32_1.0.0.202111181127/tools/bin/../lib/gcc/arm-none-eabi/10.3.1/thumb/v7e-m+fp/hard\libgcc.a

.debug_info     0x0000000000000000     0x5474
 .debug_info    0x0000000000000000      0xee3 ./Core/Src/main.o
 .debug_info    0x0000000000000ee3      0x978 ./Core/Src/stm32f4xx_hal_msp.o
 .debug_info    0x000000000000185b      0x121 ./Core/Src/stm32f4xx_it.o
 .debug_info    0x000000000000197c      0x523 ./Core/Src/system_stm32f4xx.o
 .debug_info    0x0000000000001e9f       0x22 ./Core/Startup/startup_stm32f405rgtx.o
 .debug_info    0x0000000000001ec1      0x96a ./Drivers/STM32F4xx_HAL_Driver/Src/stm32f4xx_hal.o
 .debug_info    0x000000000000282b      0xd70 ./Drivers/STM32F4xx_HAL_Driver/Src/stm32f4xx_hal_adc.o
 .debug_info    0x000000000000359b      0xe09 ./Drivers/STM32F4xx_HAL_Driver/Src/stm32f4xx_hal_cortex.o
 .debug_info    0x00000000000043a4      0x76a ./Drivers/STM32F4xx_HAL_Driver/Src/stm32f4xx_hal_gpio.o
 .debug_info    0x0000000000004b0e      0x966 ./Drivers/STM32F4xx_HAL_Driver/Src/stm32f4xx_hal_rcc.o

.debug_abbrev   0x0000000000000000     0x11cc
 .debug_abbrev  0x0000000000000000      0x2c7 ./Core/Src/main.o
 .debug_abbrev  0x00000000000002c7      0x194 ./Core/Src/stm32f4xx_hal_msp.o
 .debug_abbrev  0x000000000000045b       0x74 ./Core/Src/stm32f4xx_it.o
 .debug_abbrev  0x00000000000004cf      0x116 ./Core/Src/system_stm32f4xx.o
 .debug_abbrev  0x00000000000005e5       0x12 ./Core/Startup/startup_stm32f405rgtx.o
 .debug_abbrev  0x00000000000005f7      0x20d ./Drivers/STM32F4xx_HAL_Driver/Src/stm32f4xx_hal.o
 .debug_abbrev  0x0000000000000804      0x244 ./Drivers/STM32F4xx_HAL_Driver/Src/stm32f4xx_hal_adc.o
 .debug_abbrev  0x0000000000000a48      0x316 ./Drivers/STM32F4xx_HAL_Driver/Src/stm32f4xx_hal_cortex.o
 .debug_abbrev  0x0000000000000d5e      0x1c4 ./Drivers/STM32F4xx_HAL_Driver/Src/stm32f4xx_hal_gpio.o
 .debug_abbrev  0x0000000000000f22      0x2aa ./Drivers/STM32F4xx_HAL_Driver/Src/stm32f4xx_hal_rcc.o

.debug_aranges  0x0000000000000000      0x518
 .debug_aranges
                0x0000000000000000       0x68 ./Core/Src/main.o
 .debug_aranges
                0x0000000000000068       0x30 ./Core/Src/stm32f4xx_hal_msp.o
 .debug_aranges
                0x0000000000000098       0x60 ./Core/Src/stm32f4xx_it.o
 .debug_aranges
                0x00000000000000f8       0x28 ./Core/Src/system_stm32f4xx.o
 .debug_aranges
                0x0000000000000120       0x28 ./Core/Startup/startup_stm32f405rgtx.o
 .debug_aranges
                0x0000000000000148       0xf0 ./Drivers/STM32F4xx_HAL_Driver/Src/stm32f4xx_hal.o
 .debug_aranges
                0x0000000000000238       0xe8 ./Drivers/STM32F4xx_HAL_Driver/Src/stm32f4xx_hal_adc.o
 .debug_aranges
                0x0000000000000320      0x118 ./Drivers/STM32F4xx_HAL_Driver/Src/stm32f4xx_hal_cortex.o
 .debug_aranges
                0x0000000000000438       0x58 ./Drivers/STM32F4xx_HAL_Driver/Src/stm32f4xx_hal_gpio.o
 .debug_aranges
                0x0000000000000490       0x88 ./Drivers/STM32F4xx_HAL_Driver/Src/stm32f4xx_hal_rcc.o

.debug_ranges   0x0000000000000000      0x480
 .debug_ranges  0x0000000000000000       0x58 ./Core/Src/main.o
 .debug_ranges  0x0000000000000058       0x20 ./Core/Src/stm32f4xx_hal_msp.o
 .debug_ranges  0x0000000000000078       0x50 ./Core/Src/stm32f4xx_it.o
 .debug_ranges  0x00000000000000c8       0x18 ./Core/Src/system_stm32f4xx.o
 .debug_ranges  0x00000000000000e0       0x20 ./Core/Startup/startup_stm32f405rgtx.o
 .debug_ranges  0x0000000000000100       0xe0 ./Drivers/STM32F4xx_HAL_Driver/Src/stm32f4xx_hal.o
 .debug_ranges  0x00000000000001e0       0xd8 ./Drivers/STM32F4xx_HAL_Driver/Src/stm32f4xx_hal_adc.o
 .debug_ranges  0x00000000000002b8      0x108 ./Drivers/STM32F4xx_HAL_Driver/Src/stm32f4xx_hal_cortex.o
 .debug_ranges  0x00000000000003c0       0x48 ./Drivers/STM32F4xx_HAL_Driver/Src/stm32f4xx_hal_gpio.o
 .debug_ranges  0x0000000000000408       0x78 ./Drivers/STM32F4xx_HAL_Driver/Src/stm32f4xx_hal_rcc.o

.debug_macro    0x0000000000000000    0x1e59e
 .debug_macro   0x0000000000000000      0x1eb ./Core/Src/main.o
 .debug_macro   0x00000000000001eb      0xa78 ./Core/Src/main.o
 .debug_macro   0x0000000000000c63      0x295 ./Core/Src/main.o
 .debug_macro   0x0000000000000ef8       0x2e ./Core/Src/main.o
 .debug_macro   0x0000000000000f26       0x2f ./Core/Src/main.o
 .debug_macro   0x0000000000000f55       0x22 ./Core/Src/main.o
 .debug_macro   0x0000000000000f77       0x8e ./Core/Src/main.o
 .debug_macro   0x0000000000001005       0x51 ./Core/Src/main.o
 .debug_macro   0x0000000000001056      0x103 ./Core/Src/main.o
 .debug_macro   0x0000000000001159       0x6a ./Core/Src/main.o
 .debug_macro   0x00000000000011c3      0x1df ./Core/Src/main.o
 .debug_macro   0x00000000000013a2       0x1c ./Core/Src/main.o
 .debug_macro   0x00000000000013be       0x22 ./Core/Src/main.o
 .debug_macro   0x00000000000013e0       0xd9 ./Core/Src/main.o
 .debug_macro   0x00000000000014b9     0x102d ./Core/Src/main.o
 .debug_macro   0x00000000000024e6      0x11f ./Core/Src/main.o
 .debug_macro   0x0000000000002605    0x1426d ./Core/Src/main.o
 .debug_macro   0x0000000000016872       0x6d ./Core/Src/main.o
 .debug_macro   0x00000000000168df     0x367e ./Core/Src/main.o
 .debug_macro   0x0000000000019f5d      0x174 ./Core/Src/main.o
 .debug_macro   0x000000000001a0d1       0x5c ./Core/Src/main.o
 .debug_macro   0x000000000001a12d      0x8a7 ./Core/Src/main.o
 .debug_macro   0x000000000001a9d4      0x9fe ./Core/Src/main.o
 .debug_macro   0x000000000001b3d2      0x115 ./Core/Src/main.o
 .debug_macro   0x000000000001b4e7      0x130 ./Core/Src/main.o
 .debug_macro   0x000000000001b617       0xa5 ./Core/Src/main.o
 .debug_macro   0x000000000001b6bc      0x174 ./Core/Src/main.o
 .debug_macro   0x000000000001b830      0x287 ./Core/Src/main.o
 .debug_macro   0x000000000001bab7       0x5f ./Core/Src/main.o
 .debug_macro   0x000000000001bb16      0x236 ./Core/Src/main.o
 .debug_macro   0x000000000001bd4c      0xb5b ./Core/Src/main.o
 .debug_macro   0x000000000001c8a7      0x38b ./Core/Src/main.o
 .debug_macro   0x000000000001cc32      0x176 ./Core/Src/main.o
 .debug_macro   0x000000000001cda8       0xf9 ./Core/Src/main.o
 .debug_macro   0x000000000001cea1      0x12c ./Core/Src/main.o
 .debug_macro   0x000000000001cfcd      0x21e ./Core/Src/main.o
 .debug_macro   0x000000000001d1eb       0x2e ./Core/Src/main.o
 .debug_macro   0x000000000001d219      0x11a ./Core/Src/main.o
 .debug_macro   0x000000000001d333       0x7e ./Core/Src/main.o
 .debug_macro   0x000000000001d3b1       0x89 ./Core/Src/main.o
 .debug_macro   0x000000000001d43a      0x12d ./Core/Src/main.o
 .debug_macro   0x000000000001d567       0xc4 ./Core/Src/main.o
 .debug_macro   0x000000000001d62b      0x1e7 ./Core/Src/stm32f4xx_hal_msp.o
 .debug_macro   0x000000000001d812      0x1f1 ./Core/Src/stm32f4xx_it.o
 .debug_macro   0x000000000001da03      0x1d8 ./Core/Src/system_stm32f4xx.o
 .debug_macro   0x000000000001dbdb      0x238 ./Drivers/STM32F4xx_HAL_Driver/Src/stm32f4xx_hal.o
 .debug_macro   0x000000000001de13      0x1d9 ./Drivers/STM32F4xx_HAL_Driver/Src/stm32f4xx_hal_adc.o
 .debug_macro   0x000000000001dfec      0x1d8 ./Drivers/STM32F4xx_HAL_Driver/Src/stm32f4xx_hal_cortex.o
 .debug_macro   0x000000000001e1c4      0x1de ./Drivers/STM32F4xx_HAL_Driver/Src/stm32f4xx_hal_gpio.o
 .debug_macro   0x000000000001e3a2      0x1fc ./Drivers/STM32F4xx_HAL_Driver/Src/stm32f4xx_hal_rcc.o

.debug_line     0x0000000000000000     0x6003
 .debug_line    0x0000000000000000      0x9ac ./Core/Src/main.o
 .debug_line    0x00000000000009ac      0x6fc ./Core/Src/stm32f4xx_hal_msp.o
 .debug_line    0x00000000000010a8      0x778 ./Core/Src/stm32f4xx_it.o
 .debug_line    0x0000000000001820      0x737 ./Core/Src/system_stm32f4xx.o
 .debug_line    0x0000000000001f57       0x88 ./Core/Startup/startup_stm32f405rgtx.o
 .debug_line    0x0000000000001fdf      0x99d ./Drivers/STM32F4xx_HAL_Driver/Src/stm32f4xx_hal.o
 .debug_line    0x000000000000297c     0x1213 ./Drivers/STM32F4xx_HAL_Driver/Src/stm32f4xx_hal_adc.o
 .debug_line    0x0000000000003b8f      0xc4c ./Drivers/STM32F4xx_HAL_Driver/Src/stm32f4xx_hal_cortex.o
 .debug_line    0x00000000000047db      0xb11 ./Drivers/STM32F4xx_HAL_Driver/Src/stm32f4xx_hal_gpio.o
 .debug_line    0x00000000000052ec      0xd17 ./Drivers/STM32F4xx_HAL_Driver/Src/stm32f4xx_hal_rcc.o

.debug_str      0x0000000000000000    0xbdf68
 .debug_str     0x0000000000000000    0xbc921 ./Core/Src/main.o
                                      0xbcc35 (size before relaxing)
 .debug_str     0x00000000000bc921       0x63 ./Core/Src/stm32f4xx_hal_msp.o
                                      0xbc909 (size before relaxing)
 .debug_str     0x00000000000bc984       0xc9 ./Core/Src/stm32f4xx_it.o
                                      0xbc3fc (size before relaxing)
 .debug_str     0x00000000000bca4d       0xdb ./Core/Src/system_stm32f4xx.o
                                      0xbc2d0 (size before relaxing)
 .debug_str     0x00000000000bcb28       0x36 ./Core/Startup/startup_stm32f405rgtx.o
                                         0x75 (size before relaxing)
 .debug_str     0x00000000000bcb5e      0xadc ./Drivers/STM32F4xx_HAL_Driver/Src/stm32f4xx_hal.o
                                      0xbce33 (size before relaxing)
 .debug_str     0x00000000000bd63a      0x299 ./Drivers/STM32F4xx_HAL_Driver/Src/stm32f4xx_hal_adc.o
                                      0xbc8bd (size before relaxing)
 .debug_str     0x00000000000bd8d3      0x352 ./Drivers/STM32F4xx_HAL_Driver/Src/stm32f4xx_hal_cortex.o
                                      0xbcb66 (size before relaxing)
 .debug_str     0x00000000000bdc25      0x110 ./Drivers/STM32F4xx_HAL_Driver/Src/stm32f4xx_hal_gpio.o
                                      0xbc44b (size before relaxing)
 .debug_str     0x00000000000bdd35      0x233 ./Drivers/STM32F4xx_HAL_Driver/Src/stm32f4xx_hal_rcc.o
                                      0xbc704 (size before relaxing)

.comment        0x0000000000000000       0x50
 .comment       0x0000000000000000       0x50 ./Core/Src/main.o
                                         0x51 (size before relaxing)
 .comment       0x0000000000000050       0x51 ./Core/Src/stm32f4xx_hal_msp.o
 .comment       0x0000000000000050       0x51 ./Core/Src/stm32f4xx_it.o
 .comment       0x0000000000000050       0x51 ./Core/Src/system_stm32f4xx.o
 .comment       0x0000000000000050       0x51 ./Drivers/STM32F4xx_HAL_Driver/Src/stm32f4xx_hal.o
 .comment       0x0000000000000050       0x51 ./Drivers/STM32F4xx_HAL_Driver/Src/stm32f4xx_hal_adc.o
 .comment       0x0000000000000050       0x51 ./Drivers/STM32F4xx_HAL_Driver/Src/stm32f4xx_hal_cortex.o
 .comment       0x0000000000000050       0x51 ./Drivers/STM32F4xx_HAL_Driver/Src/stm32f4xx_hal_gpio.o
 .comment       0x0000000000000050       0x51 ./Drivers/STM32F4xx_HAL_Driver/Src/stm32f4xx_hal_rcc.o

.debug_frame    0x0000000000000000     0x132c
 .debug_frame   0x0000000000000000      0x15c ./Core/Src/main.o
 .debug_frame   0x000000000000015c       0x80 ./Core/Src/stm32f4xx_hal_msp.o
 .debug_frame   0x00000000000001dc      0x104 ./Core/Src/stm32f4xx_it.o
 .debug_frame   0x00000000000002e0       0x58 ./Core/Src/system_stm32f4xx.o
 .debug_frame   0x0000000000000338      0x374 ./Drivers/STM32F4xx_HAL_Driver/Src/stm32f4xx_hal.o
 .debug_frame   0x00000000000006ac      0x3fc ./Drivers/STM32F4xx_HAL_Driver/Src/stm32f4xx_hal_adc.o
 .debug_frame   0x0000000000000aa8      0x498 ./Drivers/STM32F4xx_HAL_Driver/Src/stm32f4xx_hal_cortex.o
 .debug_frame   0x0000000000000f40      0x14c ./Drivers/STM32F4xx_HAL_Driver/Src/stm32f4xx_hal_gpio.o
 .debug_frame   0x000000000000108c      0x1f4 ./Drivers/STM32F4xx_HAL_Driver/Src/stm32f4xx_hal_rcc.o
 .debug_frame   0x0000000000001280       0x2c c:/st/stm32cubeide_1.9.0/stm32cubeide/plugins/com.st.stm32cube.ide.mcu.externaltools.gnu-tools-for-stm32.10.3-2021.10.win32_1.0.0.202111181127/tools/bin/../lib/gcc/arm-none-eabi/10.3.1/../../../../arm-none-eabi/lib/thumb/v7e-m+fp/hard\libc_nano.a(lib_a-init.o)
 .debug_frame   0x00000000000012ac       0x20 c:/st/stm32cubeide_1.9.0/stm32cubeide/plugins/com.st.stm32cube.ide.mcu.externaltools.gnu-tools-for-stm32.10.3-2021.10.win32_1.0.0.202111181127/tools/bin/../lib/gcc/arm-none-eabi/10.3.1/../../../../arm-none-eabi/lib/thumb/v7e-m+fp/hard\libc_nano.a(lib_a-memset.o)
 .debug_frame   0x00000000000012cc       0x2c c:/st/stm32cubeide_1.9.0/stm32cubeide/plugins/com.st.stm32cube.ide.mcu.externaltools.gnu-tools-for-stm32.10.3-2021.10.win32_1.0.0.202111181127/tools/bin/../lib/gcc/arm-none-eabi/10.3.1/thumb/v7e-m+fp/hard\libgcc.a(_aeabi_uldivmod.o)
 .debug_frame   0x00000000000012f8       0x34 c:/st/stm32cubeide_1.9.0/stm32cubeide/plugins/com.st.stm32cube.ide.mcu.externaltools.gnu-tools-for-stm32.10.3-2021.10.win32_1.0.0.202111181127/tools/bin/../lib/gcc/arm-none-eabi/10.3.1/thumb/v7e-m+fp/hard\libgcc.a(_udivmoddi4.o)
